2 a
3 b
5 c
0 d
0 e
-2 a
-3 b
-5 c
0 d
0 e
0 a
0 b
0 c
0 d
